31      [Kunan](1): ............
39      [Kunan](2): ............
47      [Kunan](3): ............
57      [Kunan](1): This is where I always end up when I'm feeling sorry for myself.
65      [Kunan](2): This is where I always come when I'm feeling sorry for myself.
73      [Kunan](3): This is where I always come when I'm feeling down on myself.
83      [Kunan](1): But it makes me feel good to be here, like always.
91      [Kunan](2): But it makes me feel good to be here, like always.
99      [Kunan](3): But it makes me feel good to be here, like always.
109     [Kunan](1): Coming here cheers me up.
117     [Kunan](2): Coming here is uplifting. It cheers me up.
125     [Kunan](3): Coming here heals my spirits.
151     [Kunan](1): Hey...what's that? What's going on over there?
159     [Kunan](2): Hey...what's that? What's going on over there?
167     [Kunan](3): Hey...what's that? What's going on over there?
194     [Kunan](1): Waah! Someone has collapsed on the sand!
202     [Kunan](2): Waah! Someone has collapsed on the sand!
210     [Kunan](3): Waah! Someone has collapsed on the sand!
239     [Kunan](1): What happened?! Are you OK?
247     [Kunan](2): What happened?! Are you OK?
255     [Kunan](3): What happened?! Are you OK?
281     [Yugure](1): (...Ugh...)
289     [Yugure](2): (...Ugh...)
340     [Kunan](1): Great! You're awake!
348     [Kunan](2): You're awake! That's a relief!
356     [Kunan](3): You're awake! Thank goodness!
397     [Yugure](1): (Where...where am I...?)
405     [Yugure](2): (Where...where am I...?)
421     [Kunan](1): You weren't moving. You really had me worried there!
429     [Kunan](2): You weren't moving at all. I was seriously worried!
437     [Kunan](3): You wouldn't move at all. I was really scared for you!
447     [Kunan](1): How did you wind up unconscious out here?
455     [Kunan](2): Do you remember how you ended up unconscious out here?
463     [Kunan](3): Do you have any idea how you ended up unconscious out here?
475     [Yugure](1): (I... I was unconscious? What happened...?)
483     [Yugure](2): (I... I was unconscious? What happened...?)
495     [Kunan](1): Anyway, I'm Kunan. Glad to meet you!
503     [Kunan](2): Well, I'm Kunan. Glad to meet you!
511     [Kunan](3): Anyway, I'm Kunan. Happy to meet you!
523     [Kunan](1): So who might you be?
531     [Kunan](2): And who are you?
539     [Kunan](3): And who are you?
549     [Kunan](1): I don't think I've seen your face around here.
557     [Kunan](2): I've never seen you around before.
565     [Kunan](3): I don't think I've seen you around before.
585     [Kunan](1): Huh? You say you're a human?
593     [Kunan](2): What? You say you're a human?
601     [Kunan](3): What? You say you're a human?
611     [Kunan](1): You look like a totally normal Duskako to me!
619     [Kunan](2): You look like a totally normal Duskako to me!
627     [Kunan](3): You look like a totally normal Duskako to me!
668     [Yugure](1): (It's...it's true!)
676     [Yugure](2): (It's...it's true!)
689     [Yugure](1): (I've turned into an Duskako!)
697     [Yugure](2): (I've turned into an Duskako!)
711     [Yugure](1): (...But how did this happen? I don't remember anything...)
719     [Yugure](2): (...But how did this happen? I don't remember anything...)
731     [Kunan](1): You're...a little odd...
739     [Kunan](2): You're...a little odd...
747     [Kunan](3): You're...a little odd...
757     [Kunan](1): Are you pulling some kind of trick on me?
765     [Kunan](2): Are you pulling some kind of trick on me?
773     [Kunan](3): Are you pulling some kind of trick on me?
798     [Kunan](1): You're telling me the truth?
806     [Kunan](2): You're telling me the truth?
814     [Kunan](3): You're telling me the truth?
824     [Kunan](1): OK, then what's your name? What do you call yourself?
832     [Kunan](2): All right, then. Your name? What's your name?
840     [Kunan](3): OK, how about your name? What's your name?
852     [Yugure](1): (My name? That's right, my name is...)
860     [Yugure](2): (My name? That's right, my name is...)
873     [Kunan](1): Oh, Yugure is your name?
881     [Kunan](2): Oh, Yugure is your name?
889     [Kunan](3): So you're named Yugure?
910     [Kunan](1): OK. Well, you don't seem to be a bad Pokémon, at least.
918     [Kunan](2): OK. Well, you don't seem to be a bad Pokémon, at least.
926     [Kunan](3): OK. Well, you don't seem to be a bad Pokémon, at least.
946     [Kunan](1): Sorry that I doubted you.
954     [Kunan](2): Sorry that I doubted you.
962     [Kunan](3): Sorry that I doubted you.
972     [Kunan](1): More and more bad Pokémon have been turning up lately, you see!
980     [Kunan](2): More and more bad Pokémon have been turning up lately, you see!
988     [Kunan](3): More and more bad Pokémon have been turning up lately, you see!
998     [Kunan](1): A lot of Pokémon have started being aggressive lately. Things have gotten wild for some reason...
1006    [Kunan](2): Many Pokémon have gotten aggressive lately. Things have grown somewhat lawless...
1014    [Kunan](3): A lot of Pokémon have gotten aggressive lately. It's just not safe anymore...
1062    [Kunan](1): Ow!
1070    [Kunan](2): Ouch!
1078    [Kunan](3): Yowch!
1126    [Koffing]: Well, I do beg your pardon.
1148    [Kunan](1): Hey! Why'd you do that?!
1156    [Kunan](2): Hey! Why'd you do that?!
1164    [Kunan](3): Hey! Why'd you do that?!
1174    [Zubat]: Heh-heh-heh! Can't figure it out?
1181    [Zubat]: We wanted to mess with you! Can't face up to us, can you?!
1199    [Kunan](1): Wh-what?!
1207    [Kunan](2): Wh-what?!
1215    [Kunan](3): Wh-what?!
1229    [Zubat]: That's yours, isn't it?
1255    [Kunan](1): Hey! That's...!
1263    [Kunan](2): No! That's...!
1271    [Kunan](3): Oh! That's...!
1281    [Zubat]: Sorry, kiddo. We'll take that!
1302    [Kunan](1): Aaaah!
1310    [Kunan](2): Aaaah!
1318    [Kunan](3): Aaaah!
1343    [Koffing]: Whoa-ho-ho! Not gonna make a move to get that back? What's the matter? Too scared?
1350    [Koffing]: I didn't expect that you'd be such a big coward!
1366    [Koffing]: Come on. Let's get out of here.
1383    [Zubat]: See you around, chicken. Heh-heh-heh.
1419    [Kunan](1): ...Ohhh...
1427    [Kunan](2): ...Ohhh...
1435    [Kunan](3): ...Ohhh...
1450    [Kunan](1): Wh-what should I do?
1458    [Kunan](2): Wh-what should I do?
1466    [Kunan](3): Wh-what should I do?
1482    [Kunan](1): That's my personal treasure. It means everything to me.
1490    [Kunan](2): That's my personal treasure. It means everything to me.
1498    [Kunan](3): That's my personal treasure. It means everything to me.
1525    [Kunan](1): If I lose that...
1533    [Kunan](2): If I lose that...
1541    [Kunan](3): If I lose that...
1558    [Kunan](1): No! There's no time to waste!
1566    [Kunan](2): No! There's no time to waste!
1574    [Kunan](3): No! There's no time to waste!
1585    [Kunan](1): I have to get it back! Hey, will you help me?
1593    [Kunan](2): I've got to get it back! Hey, can I get you to help me?
1601    [Kunan](3): I have to get it back! Say, can you please help me?
1610    [case_menu]: Yes
1626    [Kunan](1): R-really? You'll really help?!
1634    [Kunan](2): R-really? You'll really help?!
1642    [Kunan](3): R-really? You'll really help?!
1652    [Kunan](1): Th-thank you! Let's go quickly!
1660    [Kunan](2): Th-thank you! Let's go quickly!
1668    [Kunan](3): Th-thanks! Can we go take care of it right now?
1699    [case_menu]: No
1716    [Kunan](1): Huh?! You won't help me?
1724    [Kunan](2): What?! You won't help me?
1732    [Kunan](3): Awww! You won't help me?
1742    [Kunan](1): That thing is really, really important to me!
1750    [Kunan](2): That thing really means everything to me!
1758    [Kunan](3): That thing is important to me!
1770    [Kunan](1): If I can't get it back...
1778    [Kunan](2): If I can't get it back...
1786    [Kunan](3): If I can't get it back...
1802    [Kunan](1): Come on, please? Please help me get that treasure of mine back!
1810    [Kunan](2): I'm serious! Please? Please help me get that treasure of mine back!
1818    [Kunan](3): Oh, please? Please help me get that treasure of mine back from those guys!
1827    [case_menu]: Yes
1835    [case_menu]: No
1843    [case_menu]: Wh-what should I do?
1856    [Kunan](1): We...we don't have time for this! Come on!
1864    [Kunan](2): We don't have time to waste. Come on!
1872    [Kunan](3): We don't have any time to waste! Let's go!
1881    [case_menu]: G-got it!
1889    [case_menu]: But you can't just...
1909    [Kunan](1): That's my precious treasure...
1917    [Kunan](2): That's my precious treasure...
1925    [Kunan](3): That's my precious treasure...
1952    [Kunan](1): If that disappeared, then I'd...
1960    [Kunan](2): If that disappeared, then I'd...
1968    [Kunan](3): If that disappeared, then I'd...
1984    [Kunan](1): Come on, I'm begging! Please help!
1992    [Kunan](2): Please! Please help!
2000    [Kunan](3): Please! Please help!
2009    [case_menu]: G-got it!
2017    [case_menu]: But I have no memory...
2029    [Kunan](1): I know it's difficult...but hurry!
2037    [Kunan](2): I know it's difficult...but hurry!
2045    [Kunan](3): I know it's difficult...but hurry!
2056    [Kunan](1): It doesn't matter if you have no memory. You can still help! Please!
2064    [Kunan](2): It doesn't matter if you have no memory. You can still help! Please!
2072    [Kunan](3): It doesn't matter if you have no memory. You can still help! Please!
2081    [case_menu]: G-got it!
2089    [case_menu]: But I'm sure I was a human...
2109    [Kunan](1): Argh! Human, ghost, it doesn't matter. You can still help! Please!
2117    [Kunan](2): Argh! Human, ghost, it doesn't matter. You can still help! Please!
2125    [Kunan](3): Argh! Human, ghost, it doesn't matter. You can still help! Please!
2137    [case_menu]: G-got it!
2144    [case_menu]: O-OK!
2163    [case_menu]: Wh-what should I do?
2176    [Kunan](1): (I've turned into a Duskako!)
2184    [Kunan](2): (I've turned into a Duskako!)
