1126    [Koffing]:  Well, I do beg your pardon.
1350    [Koffing]:  I didn\'t expect that you\'d be such\na big coward!
1343    [Koffing]:  Whoa-ho-ho![K] Not gonna make a\nmove to get that back?[K] What\'s the matter?[K]\nToo scared?
1366    [Koffing]:  Come on. Let\'s get out of here.
619     [Kunan](2):  You look like a totally normal\n[c_kind:PLAYER] to me!
980     [Kunan](2):  More and more bad Pokémon\nhave been turning up lately, you see!
455     [Kunan](2):  Do you remember how you ended\nup unconscious out here?
202     [Kunan](2):  Waah![K] Someone has collapsed on\nthe sand!
447     [Kunan](1):  How did you wind up unconscious\nout here?
814     [Kunan](3):  You\'re telling me the truth?
437     [Kunan](3):  You wouldn\'t move at all. I was\nreally scared for you!
463     [Kunan](3):  Do you have any idea how you\nended up unconscious out here?
2125    [Kunan](3):  Argh! [K]Human, ghost, it doesn\'t\nmatter. You can still help! Please!
1148    [Kunan](1):  Hey! Why\'d you do that?!
2117    [Kunan](2):  Argh! [K]Human, ghost, it doesn\'t\nmatter. You can still help! Please!
889     [Kunan](3):  So you\'re named [hero]?
2109    [Kunan](1):  Argh! [K]Human, ghost, it doesn\'t\nmatter. You can still help! Please!
731     [Kunan](1):  You\'re...[K]a little odd...
429     [Kunan](2):  You weren\'t moving at all. I was\nseriously worried!
539     [Kunan](3):  And who are you?
421     [Kunan](1):  You weren\'t moving. You really\nhad me worried there!
210     [Kunan](3):  Waah![K] Someone has collapsed on\nthe sand!
2072    [Kunan](3):  It doesn\'t matter if you have no\nmemory. You can still help! Please!
194     [Kunan](1):  Waah![K] Someone has collapsed on\nthe sand!
2064    [Kunan](2):  It doesn\'t matter if you have no\nmemory. You can still help! Please!
1014    [Kunan](3):  A lot of Pokémon have gotten\naggressive lately.[K] It\'s just not\nsafe anymore...
2056    [Kunan](1):  It doesn\'t matter if you have no\nmemory. You can still help! Please!
946     [Kunan](1):  Sorry that I doubted you.
2045    [Kunan](3):  I know it\'s difficult...but hurry!
151     [Kunan](1):  Hey...[K]what\'s that?[K] What\'s going\non over there?
2037    [Kunan](2):  I know it\'s difficult...but hurry!
765     [Kunan](2):  Are you pulling some kind of\ntrick on me?
2029    [Kunan](1):  I know it\'s difficult...but hurry!
99      [Kunan](3):  But it makes me feel good to be\nhere, like always.
57      [Kunan](1):  This is where I always end up\nwhen I\'m feeling sorry for myself.
585     [Kunan](1):  Huh?[K] You say you\'re a human?
47      [Kunan](3):  ............
503     [Kunan](2):  Well, I\'m [partner].[K]\nGlad to meet you!
2000    [Kunan](3):  Please![K]\nPlease help!
1310    [Kunan](2):  Aaaah!
1992    [Kunan](2):  Please![K]\nPlease help!
1263    [Kunan](2):  No! That\'s...!
1984    [Kunan](1):  Come on, I\'m begging![K]\nPlease help!
1207    [Kunan](2):  Wh-what?!
1968    [Kunan](3):  If that disappeared, then I\'d...
1164    [Kunan](3):  Hey! Why\'d you do that?!
1960    [Kunan](2):  If that disappeared, then I\'d...
1070    [Kunan](2):  Ouch!
1952    [Kunan](1):  If that disappeared, then I\'d...
998     [Kunan](1):  A lot of Pokémon have started\nbeing aggressive lately.[K] Things have\ngotten wild for some reason...
1925    [Kunan](3):  That\'s my precious treasure...
962     [Kunan](3):  Sorry that I doubted you.
1917    [Kunan](2):  That\'s my precious treasure...
918     [Kunan](2):  OK.[K] Well, you don\'t seem to be a\nbad Pokémon, at least.
1909    [Kunan](1):  That\'s my precious treasure...
873     [Kunan](1):  Oh, [hero] is your name?
356     [Kunan](3):  You\'re awake![K] Thank goodness!
832     [Kunan](2):  All right, then. Your name?[K]\nWhat\'s your name?
348     [Kunan](2):  You\'re awake![K] That\'s a relief!
798     [Kunan](1):  You\'re telling me the truth?
1872    [Kunan](3):  We don\'t have any time\nto waste! Let\'s go!
747     [Kunan](3):  You\'re...[K]a little odd...
1864    [Kunan](2):  We don\'t have time to waste.\nCome on!
117     [Kunan](2):  Coming here is uplifting. It\ncheers me up.
1856    [Kunan](1):  We...we don\'t have time for\nthis! Come on!
83      [Kunan](1):  But it makes me feel good to be\nhere, like always.
340     [Kunan](1):  Great![K] You\'re awake!
601     [Kunan](3):  What?[K] You say you\'re a human?
39      [Kunan](2):  ............
557     [Kunan](2):  I\'ve never seen you\naround before.
31      [Kunan](1):  ............
523     [Kunan](1):  So who might you be?
1818    [Kunan](3):  Oh, please?[K] Please help me get\nthat treasure of mine back from those guys!
2176    [Kunan](1): (I\'ve turned into a [c_kind:PLAYER]!)
73      [Kunan](3):  This is where I always come\nwhen I\'m feeling down on myself.
1810    [Kunan](2):  I\'m serious! Please?[K] Please help\nme get that treasure of mine back!
1318    [Kunan](3):  Aaaah!
1802    [Kunan](1):  Come on, please?[K] Please help me\nget that treasure of mine back!
1302    [Kunan](1):  Aaaah!
1786    [Kunan](3):  If I can\'t get it back...
1271    [Kunan](3):  Oh! That\'s...!
1778    [Kunan](2):  If I can\'t get it back...
1255    [Kunan](1):  Hey! That\'s...!
1770    [Kunan](1):  If I can\'t get it back...
1215    [Kunan](3):  Wh-what?!
1758    [Kunan](3):  That thing is important to me!
1199    [Kunan](1):  Wh-what?!
1750    [Kunan](2):  That thing really means\neverything to me!
167     [Kunan](3):  Hey...[K]what\'s that?[K] What\'s going\non over there?
1742    [Kunan](1):  That thing is really, really\nimportant to me!
2184    [Kunan](2): (I\'ve turned into a [c_kind:PLAYER]!)
1732    [Kunan](3):  Awww! You won\'t help me?
1078    [Kunan](3):  Yowch!
1724    [Kunan](2):  What?! You won\'t help me?
1062    [Kunan](1):  Ow!
1716    [Kunan](1):  Huh?! You won\'t help me?
1006    [Kunan](2):  Many Pokémon have gotten\naggressive lately.[K] Things have grown\nsomewhat lawless...
255     [Kunan](3):  What happened?![K] Are you OK?
988     [Kunan](3):  More and more bad Pokémon\nhave been turning up lately, you see!
1668    [Kunan](3):  Th-thanks! Can we go take\ncare of it right now?
972     [Kunan](1):  More and more bad Pokémon\nhave been turning up lately, you see!
1660    [Kunan](2):  Th-thank you! Let\'s go quickly!
954     [Kunan](2):  Sorry that I doubted you.
1652    [Kunan](1):  Th-thank you! Let\'s go quickly!
926     [Kunan](3):  OK.[K] Well, you don\'t seem to be a\nbad Pokémon, at least.
1642    [Kunan](3):  R-really?[K]\nYou\'ll really help?!
910     [Kunan](1):  OK.[K] Well, you don\'t seem to be a\nbad Pokémon, at least.
1634    [Kunan](2):  R-really?[K]\nYou\'ll really help?!
881     [Kunan](2):  Oh, [hero] is your name?
1626    [Kunan](1):  R-really?[K]\nYou\'ll really help?!
159     [Kunan](2):  Hey...[K]what\'s that?[K] What\'s going\non over there?
247     [Kunan](2):  What happened?![K] Are you OK?
840     [Kunan](3):  OK, how about your name?[K]\nWhat\'s your name?
1601    [Kunan](3):  I have to get it back![K] Say, can\nyou please help me?
824     [Kunan](1):  OK, then what\'s your name?[K]\nWhat do you call yourself?
1593    [Kunan](2):  I\'ve got to get it back![K] Hey, can\nI get you to help me?
806     [Kunan](2):  You\'re telling me the truth?
1585    [Kunan](1):  I have to get it back![K] Hey, will\nyou help me?
773     [Kunan](3):  Are you pulling some kind of\ntrick on me?
1574    [Kunan](3):  No! There\'s no time to waste!
757     [Kunan](1):  Are you pulling some kind of\ntrick on me?
1566    [Kunan](2):  No! There\'s no time to waste!
739     [Kunan](2):  You\'re...[K]a little odd...
1558    [Kunan](1):  No! There\'s no time to waste!
125     [Kunan](3):  Coming here heals my spirits.
1541    [Kunan](3):  If I lose that...
109     [Kunan](1):  Coming here cheers me up.
1533    [Kunan](2):  If I lose that...
91      [Kunan](2):  But it makes me feel good to be\nhere, like always.
1525    [Kunan](1):  If I lose that...
627     [Kunan](3):  You look like a totally normal\n[c_kind:PLAYER] to me!
1498    [Kunan](3):  That\'s my personal treasure.\nIt means everything to me.
611     [Kunan](1):  You look like a totally normal\n[c_kind:PLAYER] to me!
1490    [Kunan](2):  That\'s my personal treasure.\nIt means everything to me.
593     [Kunan](2):  What?[K] You say you\'re a human?
1482    [Kunan](1):  That\'s my personal treasure.\nIt means everything to me.
565     [Kunan](3):  I don\'t think I\'ve seen you\naround before.
1466    [Kunan](3):  Wh-what should I do?
549     [Kunan](1):  I don\'t think I\'ve seen your face\naround here.
1458    [Kunan](2):  Wh-what should I do?
531     [Kunan](2):  And who are you?
1450    [Kunan](1):  Wh-what should I do?
511     [Kunan](3):  Anyway, I\'m [partner].[K]\nHappy to meet you!
1435    [Kunan](3):  ...[K]Ohhh...
495     [Kunan](1):  Anyway, I\'m [partner].[K]\nGlad to meet you!
1427    [Kunan](2):  ...[K]Ohhh...
65      [Kunan](2):  This is where I always come\nwhen I\'m feeling sorry for myself.
1419    [Kunan](1):  ...[K]Ohhh...
239     [Kunan](1):  What happened?![K] Are you OK?
1156    [Kunan](2):  Hey! Why\'d you do that?!
475     [Yugure](1): (I... I was unconscious?[K] What happened...?)
281     [Yugure](1): (...Ugh...)
852     [Yugure](1): (My name?[K] That\'s right, my name is...)
397     [Yugure](1): (Where...where am I...?)
719     [Yugure](2): (...But how did this happen?[K] I don\'t remember\nanything...)
860     [Yugure](2): (My name?[K] That\'s right, my name is...)
668     [Yugure](1): (It\'s...it\'s true!)
711     [Yugure](1): (...But how did this happen?[K] I don\'t remember\nanything...)
405     [Yugure](2): (Where...where am I...?)
697     [Yugure](2): (I\'ve turned into an [c_kind:PLAYER]!)
289     [Yugure](2): (...Ugh...)
689     [Yugure](1): (I\'ve turned into an [c_kind:PLAYER]!)
676     [Yugure](2): (It\'s...it\'s true!)
483     [Yugure](2): (I... I was unconscious?[K] What happened...?)
1281    [Zubat]:  Sorry, kiddo. We\'ll take that!
1174    [Zubat]:  Heh-heh-heh! Can\'t figure it out?
1181    [Zubat]:  We wanted to mess with you!\nCan\'t face up to us, can you?!
1383    [Zubat]:  See you around, chicken.[K]\nHeh-heh-heh.
1229    [Zubat]:  That\'s yours, isn\'t it?
1881    [case_menu]: G-got it!
1699    [case_menu]: No
2144    [case_menu]: O-OK!
1835    [case_menu]: No
2137    [case_menu]: G-got it!
1889    [case_menu]: But you can\'t just... 
2089    [case_menu]: But I\'m sure I was a human...
1843    [case_menu]: Wh-what should I do?
2081    [case_menu]: G-got it!
1827    [case_menu]: Yes
2017    [case_menu]: But I have no memory...
2163    [case_menu]: Wh-what should I do?
1610    [case_menu]: Yes
2009    [case_menu]: G-got it!
