[Kunan](1): ............
[Kunan](2): ............
[Kunan](3): ............
[Kunan](1): This is where I always end up when I'm feeling sorry for myself.
[Kunan](2): This is where I always come when I'm feeling sorry for myself.
[Kunan](3): This is where I always come when I'm feeling down on myself.
[Kunan](1): But it makes me feel good to be here, like always.
[Kunan](2): But it makes me feel good to be here, like always.
[Kunan](3): But it makes me feel good to be here, like always.
[Kunan](1): Coming here cheers me up.
[Kunan](2): Coming here is uplifting. It cheers me up.
[Kunan](3): Coming here heals my spirits.
[Kunan](1): Hey...what's that? What's going on over there?
[Kunan](2): Hey...what's that? What's going on over there?
[Kunan](3): Hey...what's that? What's going on over there?
[Kunan](1): Waah! Someone has collapsed on the sand!
[Kunan](2): Waah! Someone has collapsed on the sand!
[Kunan](3): Waah! Someone has collapsed on the sand!
[Kunan](1): What happened?! Are you OK?
[Kunan](2): What happened?! Are you OK?
[Kunan](3): What happened?! Are you OK?
[Yugure](1): (...Ugh...)
[Yugure](2): (...Ugh...)
[Kunan](1): Great! You're awake!
[Kunan](2): You're awake! That's a relief!
[Kunan](3): You're awake! Thank goodness!
[Yugure](1): (Where...where am I...?)
[Yugure](2): (Where...where am I...?)
[Kunan](1): You weren't moving. You really had me worried there!
[Kunan](2): You weren't moving at all. I was seriously worried!
[Kunan](3): You wouldn't move at all. I was really scared for you!
[Kunan](1): How did you wind up unconscious out here?
[Kunan](2): Do you remember how you ended up unconscious out here?
[Kunan](3): Do you have any idea how you ended up unconscious out here?
[Yugure](1): (I... I was unconscious? What happened...?)
[Yugure](2): (I... I was unconscious? What happened...?)
[Kunan](1): Anyway, I'm Kunan. Glad to meet you!
[Kunan](2): Well, I'm Kunan. Glad to meet you!
[Kunan](3): Anyway, I'm Kunan. Happy to meet you!
[Kunan](1): So who might you be?
[Kunan](2): And who are you?
[Kunan](3): And who are you?
[Kunan](1): I don't think I've seen your face around here.
[Kunan](2): I've never seen you around before.
[Kunan](3): I don't think I've seen you around before.
[Kunan](1): Huh? You say you're a human?
[Kunan](2): What? You say you're a human?
[Kunan](3): What? You say you're a human?
[Kunan](1): You look like a totally normal Duskako to me!
[Kunan](2): You look like a totally normal Duskako to me!
[Kunan](3): You look like a totally normal Duskako to me!
[Yugure](1): (It's...it's true!)
[Yugure](2): (It's...it's true!)
[Yugure](1): (I've turned into an Duskako!)
[Yugure](2): (I've turned into an Duskako!)
[Yugure](1): (...But how did this happen? I don't remember anything...)
[Yugure](2): (...But how did this happen? I don't remember anything...)
[Kunan](1): You're...a little odd...
[Kunan](2): You're...a little odd...
[Kunan](3): You're...a little odd...
[Kunan](1): Are you pulling some kind of trick on me?
[Kunan](2): Are you pulling some kind of trick on me?
[Kunan](3): Are you pulling some kind of trick on me?
[Kunan](1): You're telling me the truth?
[Kunan](2): You're telling me the truth?
[Kunan](3): You're telling me the truth?
[Kunan](1): OK, then what's your name? What do you call yourself?
[Kunan](2): All right, then. Your name? What's your name?
[Kunan](3): OK, how about your name? What's your name?
[Yugure](1): (My name? That's right, my name is...)
[Yugure](2): (My name? That's right, my name is...)
[Kunan](1): Oh, Yugure is your name?
[Kunan](2): Oh, Yugure is your name?
[Kunan](3): So you're named Yugure?
[Kunan](1): OK. Well, you don't seem to be a bad Pokémon, at least.
[Kunan](2): OK. Well, you don't seem to be a bad Pokémon, at least.
[Kunan](3): OK. Well, you don't seem to be a bad Pokémon, at least.
[Kunan](1): Sorry that I doubted you.
[Kunan](2): Sorry that I doubted you.
[Kunan](3): Sorry that I doubted you.
[Kunan](1): More and more bad Pokémon have been turning up lately, you see!
[Kunan](2): More and more bad Pokémon have been turning up lately, you see!
[Kunan](3): More and more bad Pokémon have been turning up lately, you see!
[Kunan](1): A lot of Pokémon have started being aggressive lately. Things have gotten wild for some reason...
[Kunan](2): Many Pokémon have gotten aggressive lately. Things have grown somewhat lawless...
[Kunan](3): A lot of Pokémon have gotten aggressive lately. It's just not safe anymore...
[Kunan](1): Ow!
[Kunan](2): Ouch!
[Kunan](3): Yowch!
[Koffing]: Well, I do beg your pardon.
[Kunan](1): Hey! Why'd you do that?!
[Kunan](2): Hey! Why'd you do that?!
[Kunan](3): Hey! Why'd you do that?!
[Zubat]: Heh-heh-heh! Can't figure it out?
[Zubat]: We wanted to mess with you! Can't face up to us, can you?!
[Kunan](1): Wh-what?!
[Kunan](2): Wh-what?!
[Kunan](3): Wh-what?!
[Zubat]: That's yours, isn't it?
[Kunan](1): Hey! That's...!
[Kunan](2): No! That's...!
[Kunan](3): Oh! That's...!
[Zubat]: Sorry, kiddo. We'll take that!
[Kunan](1): Aaaah!
[Kunan](2): Aaaah!
[Kunan](3): Aaaah!
[Koffing]: Whoa-ho-ho! Not gonna make a move to get that back? What's the matter? Too scared?
[Koffing]: I didn't expect that you'd be such a big coward!
[Koffing]: Come on. Let's get out of here.
[Zubat]: See you around, chicken. Heh-heh-heh.
[Kunan](1): ...Ohhh...
[Kunan](2): ...Ohhh...
[Kunan](3): ...Ohhh...
[Kunan](1): Wh-what should I do?
[Kunan](2): Wh-what should I do?
[Kunan](3): Wh-what should I do?
[Kunan](1): That's my personal treasure. It means everything to me.
[Kunan](2): That's my personal treasure. It means everything to me.
[Kunan](3): That's my personal treasure. It means everything to me.
[Kunan](1): If I lose that...
[Kunan](2): If I lose that...
[Kunan](3): If I lose that...
[Kunan](1): No! There's no time to waste!
[Kunan](2): No! There's no time to waste!
[Kunan](3): No! There's no time to waste!
[Kunan](1): I have to get it back! Hey, will you help me?
[Kunan](2): I've got to get it back! Hey, can I get you to help me?
[Kunan](3): I have to get it back! Say, can you please help me?
[case_menu]: Yes
[Kunan](1): R-really? You'll really help?!
[Kunan](2): R-really? You'll really help?!
[Kunan](3): R-really? You'll really help?!
[Kunan](1): Th-thank you! Let's go quickly!
[Kunan](2): Th-thank you! Let's go quickly!
[Kunan](3): Th-thanks! Can we go take care of it right now?
[case_menu]: No
[Kunan](1): Huh?! You won't help me?
[Kunan](2): What?! You won't help me?
[Kunan](3): Awww! You won't help me?
[Kunan](1): That thing is really, really important to me!
[Kunan](2): That thing really means everything to me!
[Kunan](3): That thing is important to me!
[Kunan](1): If I can't get it back...
[Kunan](2): If I can't get it back...
[Kunan](3): If I can't get it back...
[Kunan](1): Come on, please? Please help me get that treasure of mine back!
[Kunan](2): I'm serious! Please? Please help me get that treasure of mine back!
[Kunan](3): Oh, please? Please help me get that treasure of mine back from those guys!
[case_menu]: Yes
[case_menu]: No
[case_menu]: Wh-what should I do?
[Kunan](1): We...we don't have time for this! Come on!
[Kunan](2): We don't have time to waste. Come on!
[Kunan](3): We don't have any time to waste! Let's go!
[case_menu]: G-got it!
[case_menu]: But you can't just...
[Kunan](1): That's my precious treasure...
[Kunan](2): That's my precious treasure...
[Kunan](3): That's my precious treasure...
[Kunan](1): If that disappeared, then I'd...
[Kunan](2): If that disappeared, then I'd...
[Kunan](3): If that disappeared, then I'd...
[Kunan](1): Come on, I'm begging! Please help!
[Kunan](2): Please! Please help!
[Kunan](3): Please! Please help!
[case_menu]: G-got it!
[case_menu]: But I have no memory...
[Kunan](1): I know it's difficult...but hurry!
[Kunan](2): I know it's difficult...but hurry!
[Kunan](3): I know it's difficult...but hurry!
[Kunan](1): It doesn't matter if you have no memory. You can still help! Please!
[Kunan](2): It doesn't matter if you have no memory. You can still help! Please!
[Kunan](3): It doesn't matter if you have no memory. You can still help! Please!
[case_menu]: G-got it!
[case_menu]: But I'm sure I was a human...
[Kunan](1): Argh! Human, ghost, it doesn't matter. You can still help! Please!
[Kunan](2): Argh! Human, ghost, it doesn't matter. You can still help! Please!
[Kunan](3): Argh! Human, ghost, it doesn't matter. You can still help! Please!
[case_menu]: G-got it!
[case_menu]: O-OK!
[case_menu]: Wh-what should I do?
[Kunan](1): (I've turned into a Duskako!)
[Kunan](2): (I've turned into a Duskako!)
