[Loudred]: HEY, you two!
[Loudred]: HEP LA, vous deux!
[Loudred]: HEY, ihr zwei!
[Loudred]: EHI, voi due!
[Loudred]: ¡EH! ¡PAREJA!
[Loudred]: We need your help with something today!
[Loudred]: On a besoin de votre aide aujourd'hui!
[Loudred]: Wir brauchen heute eure Hilfe!
[Loudred]: Oggi ci serve il vostro aiuto per una cosetta!
[Loudred]: ¡Hoy necesitamos que nos ayudéis con una cosa!
[Loudred]: Diglett, I brought them!
[Loudred]: Taupiqueur, les voilà!
[Loudred]: Digda, hier sind sie!
[Loudred]: Diglett, ecco qui!
[Loudred]: ¡Diglett, aquí están!
[Diglett]: Thank you, Loudred.
[Diglett]: Merci, Ramboum.
[Diglett]: Danke, Krakeelo.
[Diglett]: Grazie, Loudred.
[Diglett]: Gracias, Loudred.
[Loudred]: You two are doing sentry duty today!
[Loudred]: Aujourd'hui, vous allez être de garde à l'entrée!
[Loudred]: Ihr beide übernehmt heute den Wachdienst!
[Loudred]: Voi due siete di guardia oggi!
[Loudred]: ¡Hoy os toca guardia!
[Diglett]: Sorry. I'm usually the one to do sentry duty.
[Diglett]: Désolé. Normalement, c'est moi la sentinelle.
[Diglett]: Tut mir leid. Normalerweise ist der Wachdienst meine Aufgabe.
[Diglett]: Mi spiace. Di solito lo faccio io.
[Diglett]: Lo siento. Normalmente soy yo quien se ocupa de esto.
[Diglett]: But today, my dad gave me his duty of updating the boards.
[Diglett]: Mais aujourd'hui, je dois accomplir les tâches de mon père, c'est-à-dire mettre les tableaux à jour.
[Diglett]: Aber heute hat mein Vater mir aufgetragen, die Infobretter zu aktualisieren.
[Diglett]: Ma oggi mio padre mi ha chiesto di aggiornare le Bacheche al suo posto.
[Diglett]: Pero mi padre me ha pedido que me encargue hoy de poner al día los tablones.
[Diglett]: That's why I can't man my post.
[Diglett]: Et c'est pour ça que je ne peux pas être à mon poste.
[Diglett]: Also kann ich nicht auf meinem Posten sein.
[Diglett]: Per questo non posso stare di  guardia.
[Diglett]: Y por eso no puedo quedarme de guardia.
[Diglett]: It would be great if someone could take over my sentry duty for today.
[Diglett]: Ce serait super si quelqu'un pouvait s'occuper du poste de garde aujourd'hui.
[Diglett]: Es wäre toll, wenn heute jemand den Wachdienst für mich übernehmen könnte.
[Diglett]: Sarebbe fantastico se qualcuno potesse prendere il mio posto.
[Diglett]: Y alguien debe ocupar mi puesto.
[Diglett]: And that's why you're here. Please do a good job for me. Bye!
[Diglett]: Et c'est pour ça que vous êtes ici. S'il vous plaît, travaillez bien. A plus!
[Diglett]: Und darum seid ihr hier. Bitte macht meinen Job gut. Tschüss!
[Diglett]: Ed ecco perché siete qui. Vi prego di fare un buon lavoro. Ciao!
[Diglett]: Por eso estáis aquí. Espero que hagáis un buen trabajo. ¡Hasta luego!
[Loudred]: ...And that's THAT.
[Loudred]: ... Et c'est TOUT.
[Loudred]: Das ist ALLES!
[Loudred]: ... E così è DECISO.
[Loudred]: Pues... No hay más que hablar.
[Kunan](1): Huh?! I didn't follow that at all! Why are we involved?
[Kunan](1): Euh... j'ai pas tout suivi! Qu'est-ce qu'on fait là?
[Kunan](1): Ähem?!? Ich habe das nicht ganz mitbekommen! Warum hast du uns geholt?
[Kunan](1): Eh?! Cos'ha detto? Perché dobbiamo farlo noi?
[Kunan](1): ¿Eh? ¡No me he enterado de nada! ¿Por qué nos ha tenido que tocar?
[Kunan](2): Huh?! I didn't follow that at all! Why are we involved in this?
[Kunan](2): Euh... j'ai pas tout suivi! Qu'est-ce qu'on fait là?
[Kunan](2): Ähem?!? Ich habe das nicht ganz mitbekommen! Warum hast du uns geholt?
[Kunan](2): Eh?! Non sono riuscito a seguire quello che diceva! Perché dobbiamo farlo noi?
[Kunan](2): ¿Eh? ¡No me he enterado de nada! ¿Por qué nos ha tenido que tocar?
[Kunan](3): Huh?! I didn't follow that at all! How did we get involved in this?
[Kunan](3): Euh... j'ai pas tout suivi! Qu'est-ce qu'on fait là?
[Kunan](3): Ähem?!? Ich habe das nicht ganz mitbekommen! Warum hast du uns geholt?
[Kunan](3): Eh?! Cosa voleva dire? Perché dobbiamo farlo noi?
[Kunan](3): ¿Eh? ¡No me he enterado de nada! ¿Por qué nos ha tenido que tocar?
[Loudred]: Shut your YAP!
[Loudred]: On se TAIT!
[Loudred]: Halt die KLAPPE!
[Loudred]: Chiudi il BECCO!
[Loudred]: ¡Cerrad el pico!
[Loudred]: NO MORE BELLYACHING! GO DO YOUR DUTY!
[Loudred]: FINI LES RONCHONNEMENTS! A VOS POSTES!
[Loudred]: KEIN GEMURRE MEHR! GEHT UND TUT EURE PFLICHT!
[Loudred]: BASTA LAMENTARSI! AL LAVORO!
[Loudred]: ¡BASTA DE GIMOTEAR! ¡ID A CUMPLIR CON VUESTRO DEBER!
[Kunan](1): Ugh... My head hurts...
[Kunan](1): Argh... Bonjour les maux de tête...
[Kunan](1): Argh, mein Kopf tut weh.
[Kunan](1): Ugh... Mi fa male la testa...
[Kunan](1): Ay... Tengo la cabeza como un bombo...
[Kunan](2): Ow... My head is pounding...
[Kunan](2): Argh... Bonjour les maux de tête...
[Kunan](2): Au, mir tut der Kopf weh.
[Kunan](2): Ahi... Che mal di testa...
[Kunan](2): Uf... Qué dolor de cabeza...
[Kunan](3): Ow... My head hurts...
[Kunan](3): Argh... Bonjour les maux de tête...
[Kunan](3): Au, mir tut der Kopf weh.
[Kunan](3): Ahi... Mi gira la testa...
[Kunan](3): Uf... Mi cabeza...
[Kunan](1): What do you expect us to do, anyway?
[Kunan](1): Qu'est-ce qu'on doit faire?
[Kunan](1): Was sollen wir überhaupt tun?
[Kunan](1): Cosa dobbiamo fare?
[Kunan](1): ¿Y qué tenemos que hacer?
[Kunan](2): What are we supposed to do?
[Kunan](2): Qu'est-ce qu'on doit faire?
[Kunan](2): Was sollen wir überhaupt tun?
[Kunan](2): Cosa dobbiamo fare?
[Kunan](2): ¿Y qué tenemos que hacer?
[Kunan](3): What are we expected to do, anyway?
[Kunan](3): Qu'est-ce qu'on doit faire?
[Kunan](3): Was sollen wir eigentlich tun?
[Kunan](3): Cosa dobbiamo fare?
[Kunan](3): ¿Y qué tenemos que hacer?
[Loudred]: Climb down this hole and stand guard. You're on sentry duty!
[Loudred]: Descendez dans ce trou et montez la garde. Aujourd'hui, vous êtes au poste de garde!
[Loudred]: Klettert dieses Loch hinunter und haltet Wache. Ihr habt Wachdienst!
[Loudred]: Dovete scendere in questo buco per fare il turno di guardia!
[Loudred]: Bajad por aquí y vigilad. ¡Estáis de guardia!
[Kunan](1): Sentry duty?
[Kunan](1): Au poste de garde?
[Kunan](1): Wachdienst?
[Kunan](1): Turno di guardia?
[Kunan](1): ¿De guardia?
[Kunan](2): Sentry duty?
[Kunan](2): Au poste de garde?
[Kunan](2): Wachdienst?
[Kunan](2): Turno di guardia?
[Kunan](2): ¿De guardia?
[Kunan](3): Sentry duty?
[Kunan](3): Au poste de garde?
[Kunan](3): Wachdienst?
[Kunan](3): Turno di guardia?
[Kunan](3): ¿De guardia?
[Loudred]: You heard right. Sentry duty.
[Loudred]: Vous avez bien entendu. Au poste de garde.
[Loudred]: Richtig gehört. Wachdienst.
[Loudred]: Avete sentito bene. Dovete fare la guardia.
[Loudred]: Habéis oído bien. De guardia.
[Loudred]: We can't have suspicious characters coming into the guild.
[Loudred]: Il ne faut pas que des individus suspects puissent entrer à la Guilde.
[Loudred]: Wir müssen vermeiden, dass zwielichtige Gestalten in die Gilde kommen.
[Loudred]: Dobbiamo evitare che Pokémon sospetti entrino alla Gilda.
[Loudred]: No podemos permitir que entren individuos sospechosos en el Pokégremio.
[Loudred]: So we station a sentry below the guild entrance to evaluate Pokémon visitors.
[Loudred]: On a donc installé un système de sentinelle sous l'entrée de la Guilde pour identifier les visiteurs.
[Loudred]: Also ist unter dem Gildeneingang eine Wache stationiert, die besuchende Pokémon überprüft.
[Loudred]: Quindi c'è una guardia sotto  la Gilda per controllare i Pokémon che vengono qui.
[Loudred]: Así que ponemos a un vigía bajo la puerta para comprobar quién quiere entrar.
[Loudred]: When you first came, you had your footprint evaluated, right?
[Loudred]: Lors de votre première visite, on a identifié vos empreintes, pas vrai?
[Loudred]: Als ihr zum ersten Mal kamt, wurden eure Fußabdrücke überprüft, oder?
[Loudred]: La prima volta che avete fatto  visita alla Gilda le vostre zampe sono state esaminate, giusto?
[Loudred]: Cuando llegaste se comprobó tu huella, ¿no?
[Kunan](1): My footprint? What do you...?
[Kunan](1): Mes empreintes? Qu'est-ce que tu...?
[Kunan](1): Mein Fußabdruck? Was?
[Kunan](1): La mia zampa? Cosa...?
[Kunan](1): ¿Mi huella? ¿Qué quieres...?
[Kunan](2): My footprint? What do you...?
[Kunan](2): Mes empreintes? Qu'est-ce que tu...?
[Kunan](2): Mein Fußabdruck? Was?
[Kunan](2): La mia zampa? Cosa...?
[Kunan](2): ¿Mi huella? ¿Qué quieres...?
[Kunan](3): My footprint? What do you...?
[Kunan](3): Mes empreintes? Qu'est-ce que tu...?
[Kunan](3): Mein Fußabdruck? Was?
[Kunan](3): La mia zampa? Cosa...?
[Kunan](3): ¿Mi huella? ¿Qué quieres...?
