[Loudred]:  HEY, you two!
[Loudred]:  HEP LA, vous deux!
[Loudred]:  HEY, ihr zwei!
[Loudred]:  EHI, voi due!
[Loudred]:  ¡EH! ¡PAREJA!
[Loudred]:  We need your help with\nsomething today!
[Loudred]:  On a besoin de votre aide\naujourd\'hui!
[Loudred]:  Wir brauchen heute eure Hilfe!
[Loudred]:  Oggi ci serve il vostro aiuto\nper una cosetta!
[Loudred]:  ¡Hoy necesitamos que nos\nayudéis con una cosa!
[Loudred]:  [CS:N]Diglett[CR], I brought them!
[Loudred]:  [CS:N]Taupiqueur[CR], les voilà!
[Loudred]:  [CS:N]Digda[CR], hier sind sie!
[Loudred]:  [CS:N]Diglett[CR], ecco qui!
[Loudred]:  ¡[CS:N]Diglett[CR], aquí están!
[Diglett]:  Thank you, [CS:N]Loudred[CR].
[Diglett]:  Merci, [CS:N]Ramboum[CR].
[Diglett]:  Danke, [CS:N]Krakeelo[CR].
[Diglett]:  Grazie, [CS:N]Loudred[CR].
[Diglett]:  Gracias, [CS:N]Loudred[CR].
[Loudred]:  You two are doing sentry\nduty today!
[Loudred]:  Aujourd\'hui, vous allez être\nde garde à l\'entrée!
[Loudred]:  Ihr beide übernehmt heute den\nWachdienst!
[Loudred]:  Voi due siete di guardia oggi!
[Loudred]:  ¡Hoy os toca guardia!
[Diglett]:  Sorry. I\'m usually the one to do\nsentry duty.
[Diglett]:  Désolé. Normalement, c\'est moi\nla sentinelle.
[Diglett]:  Tut mir leid. Normalerweise ist\nder Wachdienst meine Aufgabe.
[Diglett]:  Mi spiace. Di solito lo faccio io.
[Diglett]:  Lo siento. Normalmente soy yo\nquien se ocupa de esto.
[Diglett]:  But today, my dad gave me his\nduty of updating the boards.
[Diglett]:  Mais aujourd\'hui, je dois\naccomplir les tâches de mon père,\nc\'est-à-dire mettre les tableaux à jour.
[Diglett]:  Aber heute hat mein Vater mir\naufgetragen, die Infobretter zu aktualisieren.
[Diglett]:  Ma oggi mio padre mi ha chiesto\ndi aggiornare le Bacheche al suo posto.
[Diglett]:  Pero mi padre me ha pedido\nque me encargue hoy de poner al día\nlos tablones.
[Diglett]:  That\'s why I can\'t man my post.
[Diglett]:  Et c\'est pour ça que je ne peux\npas être à mon poste.
[Diglett]:  Also kann ich nicht auf meinem\nPosten sein.
[Diglett]:  Per questo non posso stare di \nguardia.
[Diglett]:  Y por eso no puedo quedarme de\nguardia.
[Diglett]:  It would be great if someone\ncould take over my sentry duty for today.
[Diglett]:  Ce serait super si quelqu\'un\npouvait s\'occuper du poste de garde\naujourd\'hui.
[Diglett]:  Es wäre toll, wenn heute jemand\nden Wachdienst für mich übernehmen könnte.
[Diglett]:  Sarebbe fantastico se qualcuno\npotesse prendere il mio posto.
[Diglett]:  Y alguien debe ocupar mi puesto.
[Diglett]:  And that\'s why you\'re here.\nPlease do a good job for me.[K] Bye!
[Diglett]:  Et c\'est pour ça que vous êtes\nici. S\'il vous plaît, travaillez bien.[K] A plus!
[Diglett]:  Und darum seid ihr hier.\nBitte macht meinen Job gut.[K] Tschüss!
[Diglett]:  Ed ecco perché siete qui.\nVi prego di fare un buon lavoro.[K] Ciao!
[Diglett]:  Por eso estáis aquí. Espero\nque hagáis un buen trabajo.[K] ¡Hasta luego!
[Loudred]:  ...And that\'s THAT.
[Loudred]:  ... Et c\'est TOUT.
[Loudred]:  Das ist ALLES!
[Loudred]:  ... E così è DECISO.
[Loudred]:  Pues... No hay más que hablar.
[Kunan](1):  Huh?! I didn\'t follow that at all!\nWhy are we involved?
[Kunan](1):  Euh... j\'ai pas tout suivi!\nQu\'est-ce qu\'on fait là?
[Kunan](1):  Ähem?!? Ich habe das nicht\nganz mitbekommen! Warum hast du uns geholt?
[Kunan](1):  Eh?! Cos\'ha detto?\nPerché dobbiamo farlo noi?
[Kunan](1):  ¿Eh? ¡No me he enterado\nde nada! ¿Por qué nos ha tenido que tocar?
[Kunan](2):  Huh?! I didn\'t follow that at all!\nWhy are we involved in this?
[Kunan](2):  Euh... j\'ai pas tout suivi!\nQu\'est-ce qu\'on fait là?
[Kunan](2):  Ähem?!? Ich habe das nicht\nganz mitbekommen! Warum hast du uns geholt?
[Kunan](2):  Eh?! Non sono riuscito a seguire\nquello che diceva! Perché dobbiamo farlo noi?
[Kunan](2):  ¿Eh? ¡No me he enterado\nde nada! ¿Por qué nos ha tenido que tocar?
[Kunan](3):  Huh?! I didn\'t follow that at all!\nHow did we get involved in this?
[Kunan](3):  Euh... j\'ai pas tout suivi!\nQu\'est-ce qu\'on fait là?
[Kunan](3):  Ähem?!? Ich habe das nicht\nganz mitbekommen! Warum hast du uns geholt?
[Kunan](3):  Eh?! Cosa voleva dire?\nPerché dobbiamo farlo noi?
[Kunan](3):  ¿Eh? ¡No me he enterado\nde nada! ¿Por qué nos ha tenido que tocar?
[Loudred]:  Shut your YAP!
[Loudred]:  On se TAIT!
[Loudred]:  Halt die KLAPPE!
[Loudred]:  Chiudi il BECCO!
[Loudred]:  ¡Cerrad el pico!
[Loudred]:  NO MORE BELLYACHING!\nGO DO YOUR DUTY!
[Loudred]:  FINI LES RONCHONNEMENTS!\nA VOS POSTES!
[Loudred]:  KEIN GEMURRE MEHR!\nGEHT UND TUT EURE PFLICHT!
[Loudred]:  BASTA LAMENTARSI!\nAL LAVORO!
[Loudred]:  ¡BASTA DE GIMOTEAR!\n¡ID A CUMPLIR CON VUESTRO DEBER!
[Kunan](1):  Ugh... My head hurts...
[Kunan](1):  Argh... Bonjour les maux de\ntête...
[Kunan](1):  Argh, mein Kopf tut weh.
[Kunan](1):  Ugh... Mi fa male la testa...
[Kunan](1):  Ay... Tengo la cabeza como un\nbombo...
[Kunan](2):  Ow... My head is pounding...
[Kunan](2):  Argh... Bonjour les maux de\ntête...
[Kunan](2):  Au, mir tut der Kopf weh.
[Kunan](2):  Ahi... Che mal di testa...
[Kunan](2):  Uf... Qué dolor de cabeza...
[Kunan](3):  Ow... My head hurts...
[Kunan](3):  Argh... Bonjour les maux de\ntête...
[Kunan](3):  Au, mir tut der Kopf weh.
[Kunan](3):  Ahi... Mi gira la testa...
[Kunan](3):  Uf... Mi cabeza...
[Kunan](1):  What do you expect us to do,\nanyway?
[Kunan](1):  Qu\'est-ce qu\'on doit faire?
[Kunan](1):  Was sollen wir überhaupt tun?
[Kunan](1):  Cosa dobbiamo fare?
[Kunan](1):  ¿Y qué tenemos que hacer?
[Kunan](2):  What are we supposed to do?
[Kunan](2):  Qu\'est-ce qu\'on doit faire?
[Kunan](2):  Was sollen wir überhaupt tun?
[Kunan](2):  Cosa dobbiamo fare?
[Kunan](2):  ¿Y qué tenemos que hacer?
[Kunan](3):  What are we expected to do,\nanyway?
[Kunan](3):  Qu\'est-ce qu\'on doit faire?
[Kunan](3):  Was sollen wir eigentlich tun?
[Kunan](3):  Cosa dobbiamo fare?
[Kunan](3):  ¿Y qué tenemos que hacer?
[Loudred]:  Climb down this hole and\nstand guard. You\'re on sentry duty!
[Loudred]:  Descendez dans ce trou et\nmontez la garde. Aujourd\'hui, vous êtes\nau poste de garde!
[Loudred]:  Klettert dieses Loch hinunter und\nhaltet Wache. Ihr habt Wachdienst!
[Loudred]:  Dovete scendere in questo buco\nper fare il turno di guardia!
[Loudred]:  Bajad por aquí y vigilad.\n¡Estáis de guardia!
[Kunan](1):  Sentry duty?
[Kunan](1):  Au poste de garde?
[Kunan](1):  Wachdienst?
[Kunan](1):  Turno di guardia?
[Kunan](1):  ¿De guardia?
[Kunan](2):  Sentry duty?
[Kunan](2):  Au poste de garde?
[Kunan](2):  Wachdienst?
[Kunan](2):  Turno di guardia?
[Kunan](2):  ¿De guardia?
[Kunan](3):  Sentry duty?
[Kunan](3):  Au poste de garde?
[Kunan](3):  Wachdienst?
[Kunan](3):  Turno di guardia?
[Kunan](3):  ¿De guardia?
[Loudred]:  You heard right.[K] Sentry duty.
[Loudred]:  Vous avez bien entendu.[K]\nAu poste de garde.
[Loudred]:  Richtig gehört.[K] Wachdienst.
[Loudred]:  Avete sentito bene.[K] Dovete\nfare la guardia.
[Loudred]:  Habéis oído bien.[K] De guardia.
[Loudred]:  We can\'t have suspicious\ncharacters coming into the guild.
[Loudred]:  Il ne faut pas que des individus\nsuspects puissent entrer à la Guilde.
[Loudred]:  Wir müssen vermeiden, dass\nzwielichtige Gestalten in die Gilde kommen.
[Loudred]:  Dobbiamo evitare che Pokémon\nsospetti entrino alla Gilda.
[Loudred]:  No podemos permitir que entren\nindividuos sospechosos en el [CS:N]Pokégremio[CR].
[Loudred]:  So we station a sentry below the\nguild entrance to evaluate Pokémon visitors.
[Loudred]:  On a donc installé un système\nde sentinelle sous l\'entrée de la Guilde\npour identifier les visiteurs.
[Loudred]:  Also ist unter dem Gildeneingang\neine Wache stationiert, die besuchende\nPokémon überprüft.
[Loudred]:  Quindi c\'è una guardia sotto \nla Gilda per controllare i Pokémon che\nvengono qui.
[Loudred]:  Así que ponemos a un vigía bajo\nla puerta para comprobar quién quiere entrar.
[Loudred]:  When you first came, you had\nyour footprint evaluated, right?
[Loudred]:  Lors de votre première visite,\non a identifié vos empreintes, pas vrai?
[Loudred]:  Als ihr zum ersten Mal kamt,\nwurden eure Fußabdrücke überprüft, oder?
[Loudred]:  La prima volta che avete fatto \nvisita alla Gilda le vostre zampe sono state\nesaminate, giusto?
[Loudred]:  Cuando llegaste se comprobó\ntu huella, ¿no?
[Kunan](1):  My footprint?[K] What do you...?
[Kunan](1):  Mes empreintes?[K] Qu\'est-ce que\ntu...?
[Kunan](1):  Mein Fußabdruck?[K] Was?
[Kunan](1):  La mia zampa?[K] Cosa...?
[Kunan](1):  ¿Mi huella?[K] ¿Qué quieres...?
[Kunan](2):  My footprint?[K] What do you...?
[Kunan](2):  Mes empreintes?[K] Qu\'est-ce que\ntu...?
[Kunan](2):  Mein Fußabdruck?[K] Was?
[Kunan](2):  La mia zampa?[K] Cosa...?
[Kunan](2):  ¿Mi huella?[K] ¿Qué quieres...?
[Kunan](3):  My footprint?[K] What do you...?
[Kunan](3):  Mes empreintes?[K] Qu\'est-ce que\ntu...?
[Kunan](3):  Mein Fußabdruck?[K] Was?
[Kunan](3):  La mia zampa?[K] Cosa...?
[Kunan](3):  ¿Mi huella?[K] ¿Qué quieres...?
