35      [Loudred]: HEY, you two!
36      [Loudred]: HEP LA, vous deux!
37      [Loudred]: HEY, ihr zwei!
38      [Loudred]: EHI, voi due!
39      [Loudred]: ¡EH! ¡PAREJA!
97      [Loudred]: We need your help with something today!
98      [Loudred]: On a besoin de votre aide aujourd'hui!
99      [Loudred]: Wir brauchen heute eure Hilfe!
100     [Loudred]: Oggi ci serve il vostro aiuto per una cosetta!
101     [Loudred]: ¡Hoy necesitamos que nos ayudéis con una cosa!
136     [Loudred]: Diglett, I brought them!
137     [Loudred]: Taupiqueur, les voilà!
138     [Loudred]: Digda, hier sind sie!
139     [Loudred]: Diglett, ecco qui!
140     [Loudred]: ¡Diglett, aquí están!
149     [Diglett]: Thank you, Loudred.
150     [Diglett]: Merci, Ramboum.
151     [Diglett]: Danke, Krakeelo.
152     [Diglett]: Grazie, Loudred.
153     [Diglett]: Gracias, Loudred.
174     [Loudred]: You two are doing sentry duty today!
175     [Loudred]: Aujourd'hui, vous allez être de garde à l'entrée!
176     [Loudred]: Ihr beide übernehmt heute den Wachdienst!
177     [Loudred]: Voi due siete di guardia oggi!
178     [Loudred]: ¡Hoy os toca guardia!
195     [Diglett]: Sorry. I'm usually the one to do sentry duty.
196     [Diglett]: Désolé. Normalement, c'est moi la sentinelle.
197     [Diglett]: Tut mir leid. Normalerweise ist der Wachdienst meine Aufgabe.
198     [Diglett]: Mi spiace. Di solito lo faccio io.
199     [Diglett]: Lo siento. Normalmente soy yo quien se ocupa de esto.
202     [Diglett]: But today, my dad gave me his duty of updating the boards.
203     [Diglett]: Mais aujourd'hui, je dois accomplir les tâches de mon père, c'est-à-dire mettre les tableaux à jour.
204     [Diglett]: Aber heute hat mein Vater mir aufgetragen, die Infobretter zu aktualisieren.
205     [Diglett]: Ma oggi mio padre mi ha chiesto di aggiornare le Bacheche al suo posto.
206     [Diglett]: Pero mi padre me ha pedido que me encargue hoy de poner al día los tablones.
209     [Diglett]: That's why I can't man my post.
210     [Diglett]: Et c'est pour ça que je ne peux pas être à mon poste.
211     [Diglett]: Also kann ich nicht auf meinem Posten sein.
212     [Diglett]: Per questo non posso stare di  guardia.
213     [Diglett]: Y por eso no puedo quedarme de guardia.
216     [Diglett]: It would be great if someone could take over my sentry duty for today.
217     [Diglett]: Ce serait super si quelqu'un pouvait s'occuper du poste de garde aujourd'hui.
218     [Diglett]: Es wäre toll, wenn heute jemand den Wachdienst für mich übernehmen könnte.
219     [Diglett]: Sarebbe fantastico se qualcuno potesse prendere il mio posto.
220     [Diglett]: Y alguien debe ocupar mi puesto.
223     [Diglett]: And that's why you're here. Please do a good job for me. Bye!
224     [Diglett]: Et c'est pour ça que vous êtes ici. S'il vous plaît, travaillez bien. A plus!
225     [Diglett]: Und darum seid ihr hier. Bitte macht meinen Job gut. Tschüss!
226     [Diglett]: Ed ecco perché siete qui. Vi prego di fare un buon lavoro. Ciao!
227     [Diglett]: Por eso estáis aquí. Espero que hagáis un buen trabajo. ¡Hasta luego!
262     [Loudred]: ...And that's THAT.
263     [Loudred]: ... Et c'est TOUT.
264     [Loudred]: Das ist ALLES!
265     [Loudred]: ... E così è DECISO.
266     [Loudred]: Pues... No hay más que hablar.
284     [Kunan](1): Huh?! I didn't follow that at all! Why are we involved?
285     [Kunan](1): Euh... j'ai pas tout suivi! Qu'est-ce qu'on fait là?
286     [Kunan](1): Ähem?!? Ich habe das nicht ganz mitbekommen! Warum hast du uns geholt?
287     [Kunan](1): Eh?! Cos'ha detto? Perché dobbiamo farlo noi?
288     [Kunan](1): ¿Eh? ¡No me he enterado de nada! ¿Por qué nos ha tenido que tocar?
292     [Kunan](2): Huh?! I didn't follow that at all! Why are we involved in this?
293     [Kunan](2): Euh... j'ai pas tout suivi! Qu'est-ce qu'on fait là?
294     [Kunan](2): Ähem?!? Ich habe das nicht ganz mitbekommen! Warum hast du uns geholt?
295     [Kunan](2): Eh?! Non sono riuscito a seguire quello che diceva! Perché dobbiamo farlo noi?
296     [Kunan](2): ¿Eh? ¡No me he enterado de nada! ¿Por qué nos ha tenido que tocar?
300     [Kunan](3): Huh?! I didn't follow that at all! How did we get involved in this?
301     [Kunan](3): Euh... j'ai pas tout suivi! Qu'est-ce qu'on fait là?
302     [Kunan](3): Ähem?!? Ich habe das nicht ganz mitbekommen! Warum hast du uns geholt?
303     [Kunan](3): Eh?! Cosa voleva dire? Perché dobbiamo farlo noi?
304     [Kunan](3): ¿Eh? ¡No me he enterado de nada! ¿Por qué nos ha tenido que tocar?
347     [Loudred]: Shut your YAP!
348     [Loudred]: On se TAIT!
349     [Loudred]: Halt die KLAPPE!
350     [Loudred]: Chiudi il BECCO!
351     [Loudred]: ¡Cerrad el pico!
354     [Loudred]: NO MORE BELLYACHING! GO DO YOUR DUTY!
355     [Loudred]: FINI LES RONCHONNEMENTS! A VOS POSTES!
356     [Loudred]: KEIN GEMURRE MEHR! GEHT UND TUT EURE PFLICHT!
357     [Loudred]: BASTA LAMENTARSI! AL LAVORO!
358     [Loudred]: ¡BASTA DE GIMOTEAR! ¡ID A CUMPLIR CON VUESTRO DEBER!
365     [Kunan](1): Ugh... My head hurts...
366     [Kunan](1): Argh... Bonjour les maux de tête...
367     [Kunan](1): Argh, mein Kopf tut weh.
368     [Kunan](1): Ugh... Mi fa male la testa...
369     [Kunan](1): Ay... Tengo la cabeza como un bombo...
373     [Kunan](2): Ow... My head is pounding...
374     [Kunan](2): Argh... Bonjour les maux de tête...
375     [Kunan](2): Au, mir tut der Kopf weh.
376     [Kunan](2): Ahi... Che mal di testa...
377     [Kunan](2): Uf... Qué dolor de cabeza...
381     [Kunan](3): Ow... My head hurts...
382     [Kunan](3): Argh... Bonjour les maux de tête...
383     [Kunan](3): Au, mir tut der Kopf weh.
384     [Kunan](3): Ahi... Mi gira la testa...
385     [Kunan](3): Uf... Mi cabeza...
410     [Kunan](1): What do you expect us to do, anyway?
411     [Kunan](1): Qu'est-ce qu'on doit faire?
412     [Kunan](1): Was sollen wir überhaupt tun?
413     [Kunan](1): Cosa dobbiamo fare?
414     [Kunan](1): ¿Y qué tenemos que hacer?
418     [Kunan](2): What are we supposed to do?
419     [Kunan](2): Qu'est-ce qu'on doit faire?
420     [Kunan](2): Was sollen wir überhaupt tun?
421     [Kunan](2): Cosa dobbiamo fare?
422     [Kunan](2): ¿Y qué tenemos que hacer?
426     [Kunan](3): What are we expected to do, anyway?
427     [Kunan](3): Qu'est-ce qu'on doit faire?
428     [Kunan](3): Was sollen wir eigentlich tun?
429     [Kunan](3): Cosa dobbiamo fare?
430     [Kunan](3): ¿Y qué tenemos que hacer?
441     [Loudred]: Climb down this hole and stand guard. You're on sentry duty!
442     [Loudred]: Descendez dans ce trou et montez la garde. Aujourd'hui, vous êtes au poste de garde!
443     [Loudred]: Klettert dieses Loch hinunter und haltet Wache. Ihr habt Wachdienst!
444     [Loudred]: Dovete scendere in questo buco per fare il turno di guardia!
445     [Loudred]: Bajad por aquí y vigilad. ¡Estáis de guardia!
467     [Kunan](1): Sentry duty?
468     [Kunan](1): Au poste de garde?
469     [Kunan](1): Wachdienst?
470     [Kunan](1): Turno di guardia?
471     [Kunan](1): ¿De guardia?
475     [Kunan](2): Sentry duty?
476     [Kunan](2): Au poste de garde?
477     [Kunan](2): Wachdienst?
478     [Kunan](2): Turno di guardia?
479     [Kunan](2): ¿De guardia?
483     [Kunan](3): Sentry duty?
484     [Kunan](3): Au poste de garde?
485     [Kunan](3): Wachdienst?
486     [Kunan](3): Turno di guardia?
487     [Kunan](3): ¿De guardia?
500     [Loudred]: You heard right. Sentry duty.
501     [Loudred]: Vous avez bien entendu. Au poste de garde.
502     [Loudred]: Richtig gehört. Wachdienst.
503     [Loudred]: Avete sentito bene. Dovete fare la guardia.
504     [Loudred]: Habéis oído bien. De guardia.
507     [Loudred]: We can't have suspicious characters coming into the guild.
508     [Loudred]: Il ne faut pas que des individus suspects puissent entrer à la Guilde.
509     [Loudred]: Wir müssen vermeiden, dass zwielichtige Gestalten in die Gilde kommen.
510     [Loudred]: Dobbiamo evitare che Pokémon sospetti entrino alla Gilda.
511     [Loudred]: No podemos permitir que entren individuos sospechosos en el Pokégremio.
514     [Loudred]: So we station a sentry below the guild entrance to evaluate Pokémon visitors.
515     [Loudred]: On a donc installé un système de sentinelle sous l'entrée de la Guilde pour identifier les visiteurs.
516     [Loudred]: Also ist unter dem Gildeneingang eine Wache stationiert, die besuchende Pokémon überprüft.
517     [Loudred]: Quindi c'è una guardia sotto  la Gilda per controllare i Pokémon che vengono qui.
518     [Loudred]: Así que ponemos a un vigía bajo la puerta para comprobar quién quiere entrar.
521     [Loudred]: When you first came, you had your footprint evaluated, right?
522     [Loudred]: Lors de votre première visite, on a identifié vos empreintes, pas vrai?
523     [Loudred]: Als ihr zum ersten Mal kamt, wurden eure Fußabdrücke überprüft, oder?
524     [Loudred]: La prima volta che avete fatto  visita alla Gilda le vostre zampe sono state esaminate, giusto?
525     [Loudred]: Cuando llegaste se comprobó tu huella, ¿no?
540     [Kunan](1): My footprint? What do you...?
541     [Kunan](1): Mes empreintes? Qu'est-ce que tu...?
542     [Kunan](1): Mein Fußabdruck? Was?
543     [Kunan](1): La mia zampa? Cosa...?
544     [Kunan](1): ¿Mi huella? ¿Qué quieres...?
548     [Kunan](2): My footprint? What do you...?
549     [Kunan](2): Mes empreintes? Qu'est-ce que tu...?
550     [Kunan](2): Mein Fußabdruck? Was?
551     [Kunan](2): La mia zampa? Cosa...?
552     [Kunan](2): ¿Mi huella? ¿Qué quieres...?
556     [Kunan](3): My footprint? What do you...?
557     [Kunan](3): Mes empreintes? Qu'est-ce que tu...?
558     [Kunan](3): Mein Fußabdruck? Was?
559     [Kunan](3): La mia zampa? Cosa...?
560     [Kunan](3): ¿Mi huella? ¿Qué quieres...?
