[Azurill]:  Really?!
[Azurill]:  I said I would go too!
[Azurill]:  We need your help finding a\n[CS:Z]Water Float[CR].
[Azurill]:  [partner] and [hero]!\nHi there!
[Kunan](3):  It\'s a ransom note! Isn\'t it?!
[Kunan](2):  \"...is now in our possession.\"
[Kunan](1):  Let\'s go, [hero]! Onward\nto [CS:P]Amp Plains[CR]!
[Kunan](1):  \"...I bet you can\'t even reach us!\nChaw-haw-haw!\"
[Kunan](3):  Don\'t worry, though.[K] We\'ll get it\nback for you. We promise!
[Kunan](2):  Oh! It\'s you little guys...
[Kunan](2):  Don\'t worry, though.[K] We\'ll get it\nback for you. It\'s a promise!
[Kunan](2):  \"Can\'t handle it? Go cry to your\nbig-shot friends! Chaw-haw-haw!\"[K]\nHey! This note! It\'s a...
[Kunan](1):  Don\'t worry, though.[K] We\'ll get it\nback for you. Sure thing!
[Kunan](3):  \"Just try to take it from us!\nWe\'ll wait in the deepest part of [CS:P]Amp Plains[CR].\"
[Kunan](3):  You should see your faces!\nAll that crying and laughing... C\'mon!
[Kunan](3):  This scrap of paper?
[Kunan](2):  You should see your faces!\nAll that crying and laughing... C\'mon!
[Kunan](2):  You little guys! Promise me you\nwon\'t go yourself.
[Kunan](1):  You should see your faces!\nAll that crying and laughing... C\'mon!
[Kunan](1):  It\'s a ransom note! Isn\'t it?!
[Kunan](3):  A [CS:Z]Water Float[CR]?
[Kunan](3):  Let\'s go, [hero]! Let\'s get\nto [CS:P]Amp Plains[CR]!
[Kunan](3):  Yep![K] So no more tears!
[Kunan](2):  \"But knowing how weak and puny\nyou are...\"
[Kunan](2):  Yep![K] So no more tears!
[Kunan](1):  \"Just try to take it from us!\nWe\'ll wait in the deepest part of [CS:P]Amp Plains[CR].\"
[Kunan](1):  Yup![K] So no more crying!
[Kunan](2):  Let\'s go, [hero]! We\'re\noff to [CS:P]Amp Plains[CR]!
[Kunan](3):  Let\'s see. What does it say?[K]\n\"The [CS:Z]Water Float[CR] from the beach...\"
[Kunan](2):  A [CS:Z]Water Float[CR]?
[Kunan](1):  This scrap of paper?
[Kunan](3):  We\'ll go get the [CS:Z]Water Float[CR]\nback for you.
[Kunan](2):  Weren\'t you looking for that\nearlier?[K] A [CS:Z]Water Float[CR]?
[Kunan](2):  We\'ll go get the [CS:Z]Water Float[CR]\nback for you.
[Kunan](1):  You little guys shouldn\'t even\nthink about going!
[Kunan](1):  We\'ll go and get the [CS:Z]Water Float[CR]\nback for you.
[Kunan](2):  It\'s a ransom note! Isn\'t it?!
[Kunan](3):  No problem! I know what to do!
[Kunan](3):  \"Can\'t handle it? Go cry to your\nbig-shot friends! Chaw-haw-haw!\"[K]\nHey! This note! It\'s a...
[Kunan](2):  No problem! I know what to do!
[Kunan](1):  \"Can\'t handle it? Go cry to your\nbig-shot friends! Chaw-haw-haw!\"[K]\nHey! This note! It\'s a...
[Kunan](1):  No problem! I know what to do!
[Kunan](2):  \"...I bet you can\'t even reach us!\nChaw-haw-haw!\"
[Kunan](1):  A [CS:Z]Water Float[CR]?
[Kunan](3):  \"But knowing how weak and puny\nyou are...\"
[Kunan](1):  Huh? It\'s you little guys...
[Kunan](1):  \"But knowing how weak and puny\nyou are...\"
[Kunan](3):  Help?
[Kunan](2):  \"Just try to take it from us!\nWe\'ll wait in the deepest part of [CS:P]Amp Plains[CR].\"
[Kunan](2):  Help?
[Kunan](3):  \"...is now in our possession.\"
[Kunan](1):  Help?
[Kunan](1):  \"...is now in our possession.\"
[Kunan](1):  Let\'s see. What does it say?[K]\n\"The [CS:Z]Water Float[CR] from the beach...\"
[Kunan](2):  Let\'s see. What does it say?[K]\n\"The [CS:Z]Water Float[CR] from the beach...\"
[Kunan](1):  We heard we have visitors.\nAre you our visitors?
[Kunan](2):  There\'s writing on it.
[Kunan](3):  There\'s writing on it.
[Kunan](3):  We heard we have visitors. Are\nyou maybe those visitors?
[Kunan](1):  There\'s writing on it.
[Kunan](2):  We heard we have visitors.\nAre you our visitors?
[Kunan](2):  This scrap of paper?
[Kunan](3):  It\'s probably a trap!
[Kunan](3):  Hey! It\'s you little guys...
[Kunan](2):  I suspect a trap.
[Kunan](3):  Isn\'t that what you were looking\nfor earlier?[K] A [CS:Z]Water Float[CR]?
[Kunan](1):  It could be a trap.
[Kunan](1):  You\'ve been searching for your\n[CS:Z]Water Float[CR], right?
[Kunan](3):  You little guys! Please don\'t even\nthink about going.
[Kunan](3):  \"...I bet you can\'t even reach us!\nChaw-haw-haw!\"
[Marill]:  Yep![K] We wanted to ask\nTeam [team:] for help.
[Marill]:  OK![K] W-we\'re sorry to bother\nyou about this. Thank you!
[Marill]:  We really want to get it back.
[Marill]:  You will?!
[Marill]:  Yep! Someone said one was lying\non the beach. We went there looking for it!
[Marill]:  I just c-c-can\'t stand how weak\nI am...
[Marill]:  But I can\'t take [CS:N]Azurill[CR] to a\ndangerous place.
[Marill]:  I tried going many times. But I\nget knocked out right away...
[Marill]:  But the [CS:Z]Water Float[CR] is very\nimportant to us.
[Marill]:  I\'m no match for them.
[Marill]:  We didn\'t find it. Instead, this is\nwhat we found.
[Marill]:  But many Electric-type Pok√©mon\nlive there!
[Marill]:  Yep!
[Marill]:  I went to [CS:P]Amp Plains[CR] by myself.
[Marill]:  It\'s too much for you. I don\'t\nwant you getting into any scary scrapes.
[message_Mail]: [CN][partner] read the message\n[CN]on the scrap of paper.
